<world>
<properties>
defaultSize height='40' width='40'/>
</properties>
<objects>
<wall x='1' y='23' length='1' style='vertical'/>
<wall x='1' y='22' length='1' style='vertical'/>
<wall x='1' y='21' length='1' style='vertical'/>
<wall x='1' y='20' length='1' style='vertical'/>
<wall x='1' y='19' length='1' style='vertical'/>
<wall x='1' y='18' length='1' style='vertical'/>
<wall x='1' y='17' length='1' style='vertical'/>
<wall x='1' y='16' length='1' style='vertical'/>
<wall x='1' y='15' length='1' style='vertical'/>
<wall x='1' y='14' length='1' style='vertical'/>
<wall x='1' y='13' length='1' style='vertical'/>
<wall x='1' y='12' length='1' style='vertical'/>
<wall x='1' y='11' length='1' style='vertical'/>
<wall x='1' y='10' length='1' style='vertical'/>
<wall x='1' y='9' length='1' style='vertical'/>
<wall x='1' y='8' length='1' style='vertical'/>
<wall x='1' y='7' length='1' style='vertical'/>
<wall x='1' y='6' length='1' style='vertical'/>
<wall x='1' y='5' length='1' style='vertical'/>
<wall x='1' y='4' length='1' style='vertical'/>
<wall x='1' y='3' length='1' style='vertical'/>
<wall x='1' y='2' length='1' style='vertical'/>
<wall x='1' y='1' length='1' style='vertical'/>
<beeper x='2' y='17' num='1'/>
</objects>
</world>
